// Jest Snapshot v1, https://goo.gl/fbAQLP

exports[`<WeatherConditionItem /> should match snapshot 1`] = `"<div class=\\"MuiPaper-root makeStyles-root-1 MuiPaper-elevation1 MuiPaper-rounded\\" data-testid=\\"WeatherConditionItem-6335317613215744\\"><div class=\\"MuiGrid-root MuiGrid-container MuiGrid-spacing-xs-1 MuiGrid-direction-xs-column MuiGrid-wrap-xs-nowrap MuiGrid-align-items-xs-center\\"><div class=\\"MuiGrid-root MuiGrid-item\\"><span class=\\"MuiTypography-root MuiTypography-button MuiTypography-colorPrimary\\">Sun 09 Aug</span></div><div class=\\"MuiGrid-root MuiGrid-item\\"><img src=\\"https://www.metaweather.com/static/img/weather/lc.svg\\" alt=\\"Light Cloud\\" class=\\"makeStyles-stateImg-2\\"><p class=\\"MuiTypography-root MuiTypography-body2 MuiTypography-colorTextSecondary\\">Light Cloud</p></div><div class=\\"MuiGrid-root MuiGrid-item\\"><p class=\\"MuiTypography-root MuiTypography-body2 MuiTypography-colorTextSecondary\\">Min: <span class=\\"MuiTypography-root MuiTypography-button MuiTypography-colorTextPrimary\\">14</span></p><p class=\\"MuiTypography-root MuiTypography-body2 MuiTypography-colorTextSecondary\\">Max: <span class=\\"MuiTypography-root MuiTypography-button MuiTypography-colorTextPrimary\\">21</span></p></div></div></div>"`;
